// Jest Snapshot v1, https://goo.gl/fbAQLP

exports[`<Main /> should match the snapshot 1`] = `
.c0 {
  background-color: #06092b;
  color: #fff;
  text-align: center;
  min-height: 100%;
  display: -webkit-box;
  display: -webkit-flex;
  display: -ms-flexbox;
  display: flex;
  -webkit-flex-direction: column;
  -ms-flex-direction: column;
  flex-direction: column;
  -webkit-align-items: center;
  -webkit-box-align: center;
  -ms-flex-align: center;
  align-items: center;
  -webkit-box-pack: center;
  -webkit-justify-content: center;
  -ms-flex-pack: center;
  justify-content: center;
  padding: 3rem;
}

.c1 {
  width: 25rem;
  margin-bottom: 2rem;
}

.c2 {
  font-size: 2.5rem;
}

.c3 {
  font-size: 2rem;
  font-weight: 400;
}

.c4 {
  margin-top: 3rem;
  width: min(30rem,100%);
}

<main
  class="c0"
>
  <div
    class="c1"
  >
    <div
      style="display: block; overflow: hidden; position: relative; box-sizing: border-box; margin: 0px;"
    >
      <div
        style="display: block; box-sizing: border-box; padding-top: 21.875%;"
      />
      <noscript />
      <img
        alt="Image of an atom with a text next to it written \\"React AvanÃ§ado\\"."
        decoding="async"
        src="data:image/gif;base64,R0lGODlhAQABAIAAAAAAAP///yH5BAEAAAAALAAAAAABAAEAAAIBRAA7"
        style="position: absolute; top: 0px; left: 0px; bottom: 0px; right: 0px; box-sizing: border-box; padding: 0px; margin: auto; display: block; width: 0px; height: 0px; min-width: 100%; max-width: 100%; min-height: 100%; max-height: 100%;"
      />
    </div>
  </div>
  <h1
    class="c2"
  >
    NextJS Boilerplate
  </h1>
  <h2
    class="c3"
  >
    TypeScript, ReactJS, NextJS and Styled Components
  </h2>
  <div
    class="c4"
  >
    <div
      style="display: block; overflow: hidden; position: relative; box-sizing: border-box; margin: 0px;"
    >
      <div
        style="display: block; box-sizing: border-box; padding-top: 87.35362997658079%;"
      />
      <noscript />
      <img
        alt="A developer sitting in front of a screen with some codes on it."
        decoding="async"
        src="data:image/gif;base64,R0lGODlhAQABAIAAAAAAAP///yH5BAEAAAAALAAAAAABAAEAAAIBRAA7"
        style="position: absolute; top: 0px; left: 0px; bottom: 0px; right: 0px; box-sizing: border-box; padding: 0px; margin: auto; display: block; width: 0px; height: 0px; min-width: 100%; max-width: 100%; min-height: 100%; max-height: 100%;"
      />
    </div>
  </div>
</main>
`;
